{"id":"multi_resource","name":"multi resource","src":[{"id":"end_resource","name":"end resource","src":"https://rss.octolab.net/kamilsk/podcasts"},{"id":"end_resource","name":"end resource","src":"https://rss.octolab.net/kamilsk/releases"},{"id":"end_resource","name":"end resource","src":"https://rss.octolab.net/octolab/releases"}]}
